Microsoft (R) Macro Assembler Version 6.11		    10/09/18 10:41:27
tempfile.asm						     Page 1 - 1


 0000				DATAS SEGMENT
				    ;此处输入数据段代码  
 0000				DATAS ENDS

 0000				STACKS SEGMENT
				    ;此处输入堆栈段代码
 0000				STACKS ENDS

 0000				CODES SEGMENT
				    ASSUME CS:CODES,DS:DATAS,SS:STACKS
 0000				START:
 0000  B8 ---- R		    MOV AX,DATAS
 0003  8E D8			    MOV DS,AX
				    ;此处输入代码段代码
				    
 0005  B1 0A			    MOV CL,10
 0007  BB 0000			    MOV BX,0
 000A  B6 00			    MOV DH,0
				    
 000C				INPUT:    
 000C  B4 01			    MOV AH,1
 000E  CD 21			    INT 21H
				    
 0010  3C 30			    CMP AL,'0'
 0012  72 14			    JB OUTPUT
 0014  3C 39			    CMP AL,'9'
 0016  77 10			    JA OUTPUT
				    
 0018  2C 30			    SUB AL,48
 001A  B4 00			    MOV AH,0
 001C  8B D0			    MOV DX,AX
 001E  8B C3			    MOV AX,BX
 0020  F6 E1			    MUL CL
 0022  03 C2			    ADD AX,DX
 0024  8B D8			    MOV BX,AX
 0026  EB E4			    JMP INPUT
				    
 0028				OUTPUT:
 0028  8B C3				MOV AX,BX
 002A  E8 0004				CALL OUT1
					
 002D  B4 4C			    MOV AH,4CH
 002F  CD 21			    INT 21H
				    
 0031				    OUT1 PROC
				    
 0031  B1 0A			    MOV CL,10
 0033  B5 00			    MOV CH,0
				    
 0035				L0:
 0035  83 F8 0A			    CMP AX,10
 0038  72 0A			    JB PRINT_SINGLE
				    
 003A  F6 F1			    DIV CL;SHANG AL,YUSHU AH
 003C  50			    PUSH AX
 003D  80 C5 01			    ADD CH,1
 0040  B4 00			    MOV AH,0
 0042  EB F1			    JMP L0
				    
 0044				PRINT_SINGLE:
 0044  8A D0				MOV DL,AL
 0046  80 C2 30				ADD DL,48
 0049  B4 02				MOV AH,2
 004B  CD 21				INT 21H
 004D  EB 00				JMP POP_AGAIN
					
 004F				POP_AGAIN:
 004F  80 FD 00				CMP CH,0
 0052  74 0F				JE OVER
 0054  5A				POP DX
 0055  80 ED 01				SUB CH,1
 0058  8A D6				MOV DL,DH
 005A  80 C2 30				ADD DL,48
 005D  B4 02				MOV AH,2
 005F  CD 21				INT 21H
 0061  EB EC				JMP POP_AGAIN
					
 0063				OVER:    
				    
 0063  C3			    RET
 0064				    OUT1 ENDP
				    
 0064				CODES ENDS
				    END START


Microsoft (R) Macro Assembler Version 6.11		    10/09/18 10:41:27
tempfile.asm						     Symbols 2 - 1




Segments and Groups:

                N a m e                 Size     Length   Align   Combine Class

CODES  . . . . . . . . . . . . .	16 Bit	 0064	  Para	  Private 
DATAS  . . . . . . . . . . . . .	16 Bit	 0000	  Para	  Private 
STACKS . . . . . . . . . . . . .	16 Bit	 0000	  Para	  Private 


Procedures,  parameters and locals:

                N a m e                 Type     Value    Attr

OUT1 . . . . . . . . . . . . . .	P Near	 0031	  CODES	Length= 0033 Public
  L0 . . . . . . . . . . . . . .	L Near	 0035	  CODES	
  PRINT_SINGLE . . . . . . . . .	L Near	 0044	  CODES	
  POP_AGAIN  . . . . . . . . . .	L Near	 004F	  CODES	
  OVER . . . . . . . . . . . . .	L Near	 0063	  CODES	


Symbols:

                N a m e                 Type     Value    Attr

INPUT  . . . . . . . . . . . . .	L Near	 000C	  CODES	
OUTPUT . . . . . . . . . . . . .	L Near	 0028	  CODES	
START  . . . . . . . . . . . . .	L Near	 0000	  CODES	

	   0 Warnings
	   0 Errors
