Microsoft (R) Macro Assembler Version 6.11		    09/12/18 10:26:26
tempfile.asm						     Page 1 - 1


 0000				DATAS SEGMENT
				    ;此处输入数据段代码  
 0000				DATAS ENDS

 0000				STACKS SEGMENT
				    ;此处输入堆栈段代码
 0000				STACKS ENDS

 0000				CODES SEGMENT
				    ASSUME CS:CODES,DS:DATAS,SS:STACKS
 0000				START:
 0000  B8 ---- R		    MOV AX,DATAS
 0003  8E D8			    MOV DS,AX
				    
 0005  B8 01C8			    MOV AX,456
 0008  B1 0A			    MOV CL,10
 000A  F6 F1			    DIV CL ;SHANG-AL=12,YUSHU-AH=3
 000C  8A DC			    MOV BL,AH
				    
 000E  B4 00			    MOV AH,0
 0010  F6 F1			    DIV CL ;SHANG-AL=1,YUSHU-AH=2
 0012  8A FC			    MOV BH,AH
				    
 0014  8A D0			    MOV DL,AL
 0016  80 C2 30			    ADD DL,48
 0019  B4 02			    MOV AH,2
 001B  CD 21			    INT 21H
				    
 001D  8A D7			    MOV DL,BH
 001F  80 C2 30			    ADD DL,48
 0022  B4 02			    MOV AH,2
 0024  CD 21			    INT 21H
				    
 0026  8A D3			    MOV DL,BL
 0028  80 C2 30			    ADD DL,48
 002B  B4 02			    MOV AH,2
 002D  CD 21			    INT 21H
				    
 002F  B4 4C			    MOV AH,4CH
 0031  CD 21			    INT 21H
 0033				CODES ENDS
				    END START
Microsoft (R) Macro Assembler Version 6.11		    09/12/18 10:26:26
tempfile.asm						     Symbols 2 - 1




Segments and Groups:

                N a m e                 Size     Length   Align   Combine Class

CODES  . . . . . . . . . . . . .	16 Bit	 0033	  Para	  Private 
DATAS  . . . . . . . . . . . . .	16 Bit	 0000	  Para	  Private 
STACKS . . . . . . . . . . . . .	16 Bit	 0000	  Para	  Private 


Symbols:

                N a m e                 Type     Value    Attr

START  . . . . . . . . . . . . .	L Near	 0000	  CODES	

	   0 Warnings
	   0 Errors
